// Jest Snapshot v1, https://goo.gl/fbAQLP

exports[`<StbApp /> render: match snapshot 1`] = `
<DocumentFragment>
  <div
    class="stb-app"
  >
    <img
      class="stb-app__image"
      src=""
    />
    <div
      class="stb-app__text la-navigable"
      data-down="la-suggestions"
      id="center-elem"
    >
      Edit 
      <code>
        src/stb-app.tsx
      </code>
      .
    </div>
  </div>
</DocumentFragment>
`;
